2026-09-01 11:36:14,442 - aqt.helper - DEBUG - helper 5468 Attempt to download checksum at https://download.qt.io/online/qtsdkrepository/windows_x86/desktop/qt6_673/Updates.xml.sha256
2026-09-01 11:36:22,835 - aqt.helper - DEBUG - helper 18268 Attempt to download checksum at https://download.qt.io/online/qtsdkrepository/windows_x86/desktop/qt6_673/Updates.xml.sha256
2026-09-01 11:43:51,820 - aqt.main - INFO - installer 16808 aqtinstall(aqt) v3.3.0 on Python 3.10.9 [CPython MSC v.1934 64 bit (AMD64)]
2026-09-01 11:43:51,834 - aqt.helper - DEBUG - helper 16808 Attempt to download checksum at https://download.qt.io/online/qtsdkrepository/windows_x86/desktop/qt6_673/Updates.xml.sha256
2026-09-01 11:43:53,835 - aqt.helper - DEBUG - helper 11872 Attempt to download checksum at https://download.qt.io/online/qtsdkrepository/windows_x86/desktop/qt6_673/qt.qt6.673.addons.qtpositioning.win64_msvc2019_64/6.7.3-0-202409200836qtpositioning-Windows-Windows_10_22H2-MSVC2019-Windows-Windows_10_22H2-X86_64.7z.sha256
2026-09-01 11:43:53,835 - aqt.helper - DEBUG - helper 5812 Attempt to download checksum at https://download.qt.io/online/qtsdkrepository/windows_x86/desktop/qt6_673/qt.qt6.673.addons.qtwebchannel.win64_msvc2019_64/6.7.3-0-202409200836qtwebchannel-Windows-Windows_10_22H2-MSVC2019-Windows-Windows_10_22H2-X86_64.7z.sha256
2026-09-01 11:43:53,845 - aqt.helper - DEBUG - helper 19880 Attempt to download checksum at https://download.qt.io/online/qtsdkrepository/windows_x86/desktop/qt6_673/qt.qt6.673.addons.qtwebengine.win64_msvc2019_64/6.7.3-0-202409200836qtwebengine-Windows-Windows_10_22H2-MSVC2019-Windows-Windows_10_22H2-X86_64.7z.sha256
2026-09-01 11:43:53,861 - aqt.helper - DEBUG - helper 19656 Attempt to download checksum at https://download.qt.io/online/qtsdkrepository/windows_x86/desktop/qt6_673/qt.qt6.673.win64_msvc2019_64/6.7.3-0-202409200836qtbase-Windows-Windows_10_22H2-MSVC2019-Windows-Windows_10_22H2-X86_64.7z.sha256
2026-09-01 11:43:54,250 - aqt.helper - INFO - helper 5812 Downloading qtwebchannel...
2026-09-01 11:43:54,270 - aqt.helper - INFO - helper 19656 Downloading qtbase...
2026-09-01 11:43:54,250 - aqt.installer - DEBUG - installer 5812 Download URL: https://download.qt.io/online/qtsdkrepository/windows_x86/desktop/qt6_673/qt.qt6.673.addons.qtwebchannel.win64_msvc2019_64/6.7.3-0-202409200836qtwebchannel-Windows-Windows_10_22H2-MSVC2019-Windows-Windows_10_22H2-X86_64.7z
2026-09-01 11:43:54,276 - aqt.installer - DEBUG - installer 19656 Download URL: https://download.qt.io/online/qtsdkrepository/windows_x86/desktop/qt6_673/qt.qt6.673.win64_msvc2019_64/6.7.3-0-202409200836qtbase-Windows-Windows_10_22H2-MSVC2019-Windows-Windows_10_22H2-X86_64.7z
2026-09-01 11:43:54,287 - aqt.helper - INFO - helper 11872 Downloading qtpositioning...
2026-09-01 11:43:54,288 - aqt.installer - DEBUG - installer 11872 Download URL: https://download.qt.io/online/qtsdkrepository/windows_x86/desktop/qt6_673/qt.qt6.673.addons.qtpositioning.win64_msvc2019_64/6.7.3-0-202409200836qtpositioning-Windows-Windows_10_22H2-MSVC2019-Windows-Windows_10_22H2-X86_64.7z
2026-09-01 11:43:54,324 - aqt.helper - INFO - helper 19880 Downloading qtwebengine...
2026-09-01 11:43:54,324 - aqt.installer - DEBUG - installer 19880 Download URL: https://download.qt.io/online/qtsdkrepository/windows_x86/desktop/qt6_673/qt.qt6.673.addons.qtwebengine.win64_msvc2019_64/6.7.3-0-202409200836qtwebengine-Windows-Windows_10_22H2-MSVC2019-Windows-Windows_10_22H2-X86_64.7z
2026-09-01 11:43:54,733 - aqt.helper - DEBUG - helper 5812 Asked to redirect(302) to: https://www.nic.funet.fi/pub/mirrors/download.qt-project.org/online/qtsdkrepository/windows_x86/desktop/qt6_673/qt.qt6.673.addons.qtwebchannel.win64_msvc2019_64/6.7.3-0-202409200836qtwebchannel-Windows-Windows_10_22H2-MSVC2019-Windows-Windows_10_22H2-X86_64.7z
2026-09-01 11:43:54,733 - aqt.helper - INFO - helper 5812 Redirected: www.nic.funet.fi
2026-09-01 11:43:54,746 - aqt.helper - DEBUG - helper 11872 Asked to redirect(302) to: https://www.nic.funet.fi/pub/mirrors/download.qt-project.org/online/qtsdkrepository/windows_x86/desktop/qt6_673/qt.qt6.673.addons.qtpositioning.win64_msvc2019_64/6.7.3-0-202409200836qtpositioning-Windows-Windows_10_22H2-MSVC2019-Windows-Windows_10_22H2-X86_64.7z
2026-09-01 11:43:54,746 - aqt.helper - INFO - helper 11872 Redirected: www.nic.funet.fi
2026-09-01 11:43:54,779 - aqt.helper - DEBUG - helper 19880 Asked to redirect(302) to: https://www.nic.funet.fi/pub/mirrors/download.qt-project.org/online/qtsdkrepository/windows_x86/desktop/qt6_673/qt.qt6.673.addons.qtwebengine.win64_msvc2019_64/6.7.3-0-202409200836qtwebengine-Windows-Windows_10_22H2-MSVC2019-Windows-Windows_10_22H2-X86_64.7z
2026-09-01 11:43:54,779 - aqt.helper - INFO - helper 19880 Redirected: www.nic.funet.fi
2026-09-01 11:43:54,836 - aqt.helper - DEBUG - helper 19656 Asked to redirect(302) to: https://www.nic.funet.fi/pub/mirrors/download.qt-project.org/online/qtsdkrepository/windows_x86/desktop/qt6_673/qt.qt6.673.win64_msvc2019_64/6.7.3-0-202409200836qtbase-Windows-Windows_10_22H2-MSVC2019-Windows-Windows_10_22H2-X86_64.7z
2026-09-01 11:43:54,836 - aqt.helper - INFO - helper 19656 Redirected: www.nic.funet.fi
2026-09-01 11:43:55,978 - aqt.installer - INFO - installer 5812 Finished installation of qtwebchannel-Windows-Windows_10_22H2-MSVC2019-Windows-Windows_10_22H2-X86_64.7z in 2.14403040
2026-09-01 11:43:55,987 - aqt.helper - DEBUG - helper 5812 Attempt to download checksum at https://download.qt.io/online/qtsdkrepository/windows_x86/desktop/qt6_673/qt.qt6.673.win64_msvc2019_64/6.7.3-0-202409200836qtsvg-Windows-Windows_10_22H2-MSVC2019-Windows-Windows_10_22H2-X86_64.7z.sha256
2026-09-01 11:43:56,424 - aqt.helper - INFO - helper 5812 Downloading qtsvg...
2026-09-01 11:43:56,424 - aqt.installer - DEBUG - installer 5812 Download URL: https://download.qt.io/online/qtsdkrepository/windows_x86/desktop/qt6_673/qt.qt6.673.win64_msvc2019_64/6.7.3-0-202409200836qtsvg-Windows-Windows_10_22H2-MSVC2019-Windows-Windows_10_22H2-X86_64.7z
2026-09-01 11:43:56,605 - aqt.installer - INFO - installer 11872 Finished installation of qtpositioning-Windows-Windows_10_22H2-MSVC2019-Windows-Windows_10_22H2-X86_64.7z in 2.77355210
2026-09-01 11:43:56,621 - aqt.helper - DEBUG - helper 11872 Attempt to download checksum at https://download.qt.io/online/qtsdkrepository/windows_x86/desktop/qt6_673/qt.qt6.673.win64_msvc2019_64/6.7.3-0-202409200836qtdeclarative-Windows-Windows_10_22H2-MSVC2019-Windows-Windows_10_22H2-X86_64.7z.sha256
2026-09-01 11:43:57,011 - aqt.helper - DEBUG - helper 5812 Asked to redirect(302) to: https://www.nic.funet.fi/pub/mirrors/download.qt-project.org/online/qtsdkrepository/windows_x86/desktop/qt6_673/qt.qt6.673.win64_msvc2019_64/6.7.3-0-202409200836qtsvg-Windows-Windows_10_22H2-MSVC2019-Windows-Windows_10_22H2-X86_64.7z
2026-09-01 11:43:57,011 - aqt.helper - INFO - helper 5812 Redirected: www.nic.funet.fi
2026-09-01 11:43:57,553 - aqt.helper - INFO - helper 11872 Downloading qtdeclarative...
2026-09-01 11:43:57,553 - aqt.installer - DEBUG - installer 11872 Download URL: https://download.qt.io/online/qtsdkrepository/windows_x86/desktop/qt6_673/qt.qt6.673.win64_msvc2019_64/6.7.3-0-202409200836qtdeclarative-Windows-Windows_10_22H2-MSVC2019-Windows-Windows_10_22H2-X86_64.7z
2026-09-01 11:43:58,341 - aqt.helper - DEBUG - helper 11872 Asked to redirect(302) to: https://www.nic.funet.fi/pub/mirrors/download.qt-project.org/online/qtsdkrepository/windows_x86/desktop/qt6_673/qt.qt6.673.win64_msvc2019_64/6.7.3-0-202409200836qtdeclarative-Windows-Windows_10_22H2-MSVC2019-Windows-Windows_10_22H2-X86_64.7z
2026-09-01 11:43:58,343 - aqt.helper - INFO - helper 11872 Redirected: www.nic.funet.fi
2026-09-01 11:43:59,475 - aqt.installer - INFO - installer 5812 Finished installation of qtsvg-Windows-Windows_10_22H2-MSVC2019-Windows-Windows_10_22H2-X86_64.7z in 3.48813870
2026-09-01 11:43:59,488 - aqt.helper - DEBUG - helper 5812 Attempt to download checksum at https://download.qt.io/online/qtsdkrepository/windows_x86/desktop/qt6_673/qt.qt6.673.win64_msvc2019_64/6.7.3-0-202409200836qttools-Windows-Windows_10_22H2-MSVC2019-Windows-Windows_10_22H2-X86_64.7z.sha256
2026-09-01 11:43:59,931 - aqt.helper - INFO - helper 5812 Downloading qttools...
2026-09-01 11:43:59,931 - aqt.installer - DEBUG - installer 5812 Download URL: https://download.qt.io/online/qtsdkrepository/windows_x86/desktop/qt6_673/qt.qt6.673.win64_msvc2019_64/6.7.3-0-202409200836qttools-Windows-Windows_10_22H2-MSVC2019-Windows-Windows_10_22H2-X86_64.7z
2026-09-01 11:44:00,386 - aqt.helper - DEBUG - helper 5812 Asked to redirect(302) to: https://www.nic.funet.fi/pub/mirrors/download.qt-project.org/online/qtsdkrepository/windows_x86/desktop/qt6_673/qt.qt6.673.win64_msvc2019_64/6.7.3-0-202409200836qttools-Windows-Windows_10_22H2-MSVC2019-Windows-Windows_10_22H2-X86_64.7z
2026-09-01 11:44:00,386 - aqt.helper - INFO - helper 5812 Redirected: www.nic.funet.fi
2026-09-01 11:44:26,898 - aqt.installer - INFO - installer 5812 Finished installation of qttools-Windows-Windows_10_22H2-MSVC2019-Windows-Windows_10_22H2-X86_64.7z in 27.41853260
2026-09-01 11:44:26,929 - aqt.helper - DEBUG - helper 5812 Attempt to download checksum at https://download.qt.io/online/qtsdkrepository/windows_x86/desktop/qt6_673/qt.qt6.673.win64_msvc2019_64/6.7.3-0-202409200836qttranslations-Windows-Windows_10_22H2-MSVC2019-Windows-Windows_10_22H2-X86_64.7z.sha256
2026-09-01 11:44:27,720 - aqt.helper - INFO - helper 5812 Downloading qttranslations...
2026-09-01 11:44:27,720 - aqt.installer - DEBUG - installer 5812 Download URL: https://download.qt.io/online/qtsdkrepository/windows_x86/desktop/qt6_673/qt.qt6.673.win64_msvc2019_64/6.7.3-0-202409200836qttranslations-Windows-Windows_10_22H2-MSVC2019-Windows-Windows_10_22H2-X86_64.7z
2026-09-01 11:44:28,166 - aqt.helper - DEBUG - helper 5812 Asked to redirect(302) to: https://www.nic.funet.fi/pub/mirrors/download.qt-project.org/online/qtsdkrepository/windows_x86/desktop/qt6_673/qt.qt6.673.win64_msvc2019_64/6.7.3-0-202409200836qttranslations-Windows-Windows_10_22H2-MSVC2019-Windows-Windows_10_22H2-X86_64.7z
2026-09-01 11:44:28,166 - aqt.helper - INFO - helper 5812 Redirected: www.nic.funet.fi
2026-09-01 11:44:28,687 - aqt.installer - INFO - installer 19656 Finished installation of qtbase-Windows-Windows_10_22H2-MSVC2019-Windows-Windows_10_22H2-X86_64.7z in 34.83948080
2026-09-01 11:44:28,719 - aqt.helper - DEBUG - helper 19656 Attempt to download checksum at https://download.qt.io/online/qtsdkrepository/windows_x86/desktop/qt6_673/qt.qt6.673.win64_msvc2019_64/6.7.3-0-202409200836d3dcompiler_47-x64.7z.sha256
2026-09-01 11:44:29,196 - aqt.helper - INFO - helper 19656 Downloading d3dcompiler_47...
2026-09-01 11:44:29,196 - aqt.installer - DEBUG - installer 19656 Download URL: https://download.qt.io/online/qtsdkrepository/windows_x86/desktop/qt6_673/qt.qt6.673.win64_msvc2019_64/6.7.3-0-202409200836d3dcompiler_47-x64.7z
2026-09-01 11:44:29,717 - aqt.helper - DEBUG - helper 19656 Asked to redirect(302) to: https://www.nic.funet.fi/pub/mirrors/download.qt-project.org/online/qtsdkrepository/windows_x86/desktop/qt6_673/qt.qt6.673.win64_msvc2019_64/6.7.3-0-202409200836d3dcompiler_47-x64.7z
2026-09-01 11:44:29,717 - aqt.helper - INFO - helper 19656 Redirected: www.nic.funet.fi
2026-09-01 11:44:30,312 - aqt.installer - INFO - installer 5812 Finished installation of qttranslations-Windows-Windows_10_22H2-MSVC2019-Windows-Windows_10_22H2-X86_64.7z in 3.38875110
2026-09-01 11:44:30,910 - aqt.helper - DEBUG - helper 5328 Attempt to download checksum at https://download.qt.io/online/qtsdkrepository/windows_x86/desktop/qt6_673/qt.qt6.673.win64_msvc2019_64/6.7.3-0-202409200836opengl32sw-64-mesa_11_2_2-signed_sha256.7z.sha256
2026-09-01 11:44:31,306 - aqt.helper - INFO - helper 5328 Downloading opengl32sw...
2026-09-01 11:44:31,306 - aqt.installer - DEBUG - installer 5328 Download URL: https://download.qt.io/online/qtsdkrepository/windows_x86/desktop/qt6_673/qt.qt6.673.win64_msvc2019_64/6.7.3-0-202409200836opengl32sw-64-mesa_11_2_2-signed_sha256.7z
2026-09-01 11:44:31,613 - aqt.installer - INFO - installer 19656 Finished installation of d3dcompiler_47-x64.7z in 2.89547200
2026-09-01 11:44:31,811 - aqt.helper - DEBUG - helper 5328 Asked to redirect(302) to: https://www.nic.funet.fi/pub/mirrors/download.qt-project.org/online/qtsdkrepository/windows_x86/desktop/qt6_673/qt.qt6.673.win64_msvc2019_64/6.7.3-0-202409200836opengl32sw-64-mesa_11_2_2-signed_sha256.7z
2026-09-01 11:44:31,811 - aqt.helper - INFO - helper 5328 Redirected: www.nic.funet.fi
2026-09-01 11:44:35,093 - aqt.installer - INFO - installer 5328 Finished installation of opengl32sw-64-mesa_11_2_2-signed_sha256.7z in 4.18449720
2026-09-01 11:45:21,203 - aqt.installer - INFO - installer 11872 Finished installation of qtdeclarative-Windows-Windows_10_22H2-MSVC2019-Windows-Windows_10_22H2-X86_64.7z in 84.58175920
2026-09-01 11:45:37,585 - aqt.installer - INFO - installer 19880 Finished installation of qtwebengine-Windows-Windows_10_22H2-MSVC2019-Windows-Windows_10_22H2-X86_64.7z in 103.74108620
2026-09-01 11:45:37,820 - aqt.updater - INFO - updater 16808 Patching C:\Qt\6.7.3\msvc2019_64\bin\qmake.exe
2026-09-01 11:45:37,828 - aqt.updater - INFO - updater 16808 Patching C:\Qt\6.7.3\msvc2019_64\lib\Qt6Concurrent.prl
2026-09-01 11:45:37,837 - aqt.updater - INFO - updater 16808 Patching C:\Qt\6.7.3\msvc2019_64\lib\Qt6Concurrentd.prl
2026-09-01 11:45:37,837 - aqt.updater - INFO - updater 16808 Patching C:\Qt\6.7.3\msvc2019_64\lib\Qt6Core.prl
2026-09-01 11:45:37,837 - aqt.updater - INFO - updater 16808 Patching C:\Qt\6.7.3\msvc2019_64\lib\Qt6Cored.prl
2026-09-01 11:45:37,837 - aqt.updater - INFO - updater 16808 Patching C:\Qt\6.7.3\msvc2019_64\lib\Qt6DBus.prl
2026-09-01 11:45:37,837 - aqt.updater - INFO - updater 16808 Patching C:\Qt\6.7.3\msvc2019_64\lib\Qt6DBusd.prl
2026-09-01 11:45:37,837 - aqt.updater - INFO - updater 16808 Patching C:\Qt\6.7.3\msvc2019_64\lib\Qt6Designer.prl
2026-09-01 11:45:37,837 - aqt.updater - INFO - updater 16808 Patching C:\Qt\6.7.3\msvc2019_64\lib\Qt6DesignerComponents.prl
2026-09-01 11:45:37,837 - aqt.updater - INFO - updater 16808 Patching C:\Qt\6.7.3\msvc2019_64\lib\Qt6DesignerComponentsd.prl
2026-09-01 11:45:37,837 - aqt.updater - INFO - updater 16808 Patching C:\Qt\6.7.3\msvc2019_64\lib\Qt6Designerd.prl
2026-09-01 11:45:37,837 - aqt.updater - INFO - updater 16808 Patching C:\Qt\6.7.3\msvc2019_64\lib\Qt6DeviceDiscoverySupport.prl
2026-09-01 11:45:37,837 - aqt.updater - INFO - updater 16808 Patching C:\Qt\6.7.3\msvc2019_64\lib\Qt6DeviceDiscoverySupportd.prl
2026-09-01 11:45:37,837 - aqt.updater - INFO - updater 16808 Patching C:\Qt\6.7.3\msvc2019_64\lib\Qt6EntryPoint.prl
2026-09-01 11:45:37,837 - aqt.updater - INFO - updater 16808 Patching C:\Qt\6.7.3\msvc2019_64\lib\Qt6EntryPointd.prl
2026-09-01 11:45:37,837 - aqt.updater - INFO - updater 16808 Patching C:\Qt\6.7.3\msvc2019_64\lib\Qt6ExampleIcons.prl
2026-09-01 11:45:37,837 - aqt.updater - INFO - updater 16808 Patching C:\Qt\6.7.3\msvc2019_64\lib\Qt6ExampleIconsd.prl
2026-09-01 11:45:37,837 - aqt.updater - INFO - updater 16808 Patching C:\Qt\6.7.3\msvc2019_64\lib\Qt6FbSupport.prl
2026-09-01 11:45:37,837 - aqt.updater - INFO - updater 16808 Patching C:\Qt\6.7.3\msvc2019_64\lib\Qt6FbSupportd.prl
2026-09-01 11:45:37,837 - aqt.updater - INFO - updater 16808 Patching C:\Qt\6.7.3\msvc2019_64\lib\Qt6Gui.prl
2026-09-01 11:45:37,837 - aqt.updater - INFO - updater 16808 Patching C:\Qt\6.7.3\msvc2019_64\lib\Qt6Guid.prl
2026-09-01 11:45:37,837 - aqt.updater - INFO - updater 16808 Patching C:\Qt\6.7.3\msvc2019_64\lib\Qt6Help.prl
2026-09-01 11:45:37,837 - aqt.updater - INFO - updater 16808 Patching C:\Qt\6.7.3\msvc2019_64\lib\Qt6Helpd.prl
2026-09-01 11:45:37,852 - aqt.updater - INFO - updater 16808 Patching C:\Qt\6.7.3\msvc2019_64\lib\Qt6LabsAnimation.prl
2026-09-01 11:45:37,853 - aqt.updater - INFO - updater 16808 Patching C:\Qt\6.7.3\msvc2019_64\lib\Qt6LabsAnimationd.prl
2026-09-01 11:45:37,853 - aqt.updater - INFO - updater 16808 Patching C:\Qt\6.7.3\msvc2019_64\lib\Qt6LabsFolderListModel.prl
2026-09-01 11:45:37,853 - aqt.updater - INFO - updater 16808 Patching C:\Qt\6.7.3\msvc2019_64\lib\Qt6LabsFolderListModeld.prl
2026-09-01 11:45:37,853 - aqt.updater - INFO - updater 16808 Patching C:\Qt\6.7.3\msvc2019_64\lib\Qt6LabsQmlModels.prl
2026-09-01 11:45:37,853 - aqt.updater - INFO - updater 16808 Patching C:\Qt\6.7.3\msvc2019_64\lib\Qt6LabsQmlModelsd.prl
2026-09-01 11:45:37,853 - aqt.updater - INFO - updater 16808 Patching C:\Qt\6.7.3\msvc2019_64\lib\Qt6LabsSettings.prl
2026-09-01 11:45:37,853 - aqt.updater - INFO - updater 16808 Patching C:\Qt\6.7.3\msvc2019_64\lib\Qt6LabsSettingsd.prl
2026-09-01 11:45:37,853 - aqt.updater - INFO - updater 16808 Patching C:\Qt\6.7.3\msvc2019_64\lib\Qt6LabsSharedImage.prl
2026-09-01 11:45:37,853 - aqt.updater - INFO - updater 16808 Patching C:\Qt\6.7.3\msvc2019_64\lib\Qt6LabsSharedImaged.prl
2026-09-01 11:45:37,853 - aqt.updater - INFO - updater 16808 Patching C:\Qt\6.7.3\msvc2019_64\lib\Qt6LabsWavefrontMesh.prl
2026-09-01 11:45:37,853 - aqt.updater - INFO - updater 16808 Patching C:\Qt\6.7.3\msvc2019_64\lib\Qt6LabsWavefrontMeshd.prl
2026-09-01 11:45:37,853 - aqt.updater - INFO - updater 16808 Patching C:\Qt\6.7.3\msvc2019_64\lib\Qt6Network.prl
2026-09-01 11:45:37,853 - aqt.updater - INFO - updater 16808 Patching C:\Qt\6.7.3\msvc2019_64\lib\Qt6Networkd.prl
2026-09-01 11:45:37,853 - aqt.updater - INFO - updater 16808 Patching C:\Qt\6.7.3\msvc2019_64\lib\Qt6OpenGL.prl
2026-09-01 11:45:37,853 - aqt.updater - INFO - updater 16808 Patching C:\Qt\6.7.3\msvc2019_64\lib\Qt6OpenGLd.prl
2026-09-01 11:45:37,863 - aqt.updater - INFO - updater 16808 Patching C:\Qt\6.7.3\msvc2019_64\lib\Qt6OpenGLWidgets.prl
2026-09-01 11:45:37,863 - aqt.updater - INFO - updater 16808 Patching C:\Qt\6.7.3\msvc2019_64\lib\Qt6OpenGLWidgetsd.prl
2026-09-01 11:45:37,863 - aqt.updater - INFO - updater 16808 Patching C:\Qt\6.7.3\msvc2019_64\lib\Qt6PacketProtocol.prl
2026-09-01 11:45:37,863 - aqt.updater - INFO - updater 16808 Patching C:\Qt\6.7.3\msvc2019_64\lib\Qt6PacketProtocold.prl
2026-09-01 11:45:37,863 - aqt.updater - INFO - updater 16808 Patching C:\Qt\6.7.3\msvc2019_64\lib\Qt6Positioning.prl
2026-09-01 11:45:37,863 - aqt.updater - INFO - updater 16808 Patching C:\Qt\6.7.3\msvc2019_64\lib\Qt6Positioningd.prl
2026-09-01 11:45:37,863 - aqt.updater - INFO - updater 16808 Patching C:\Qt\6.7.3\msvc2019_64\lib\Qt6PositioningQuick.prl
2026-09-01 11:45:37,863 - aqt.updater - INFO - updater 16808 Patching C:\Qt\6.7.3\msvc2019_64\lib\Qt6PositioningQuickd.prl
2026-09-01 11:45:37,868 - aqt.updater - INFO - updater 16808 Patching C:\Qt\6.7.3\msvc2019_64\lib\Qt6PrintSupport.prl
2026-09-01 11:45:37,869 - aqt.updater - INFO - updater 16808 Patching C:\Qt\6.7.3\msvc2019_64\lib\Qt6PrintSupportd.prl
2026-09-01 11:45:37,869 - aqt.updater - INFO - updater 16808 Patching C:\Qt\6.7.3\msvc2019_64\lib\Qt6Qml.prl
2026-09-01 11:45:37,869 - aqt.updater - INFO - updater 16808 Patching C:\Qt\6.7.3\msvc2019_64\lib\Qt6QmlBuiltins.prl
2026-09-01 11:45:37,869 - aqt.updater - INFO - updater 16808 Patching C:\Qt\6.7.3\msvc2019_64\lib\Qt6QmlBuiltinsd.prl
2026-09-01 11:45:37,869 - aqt.updater - INFO - updater 16808 Patching C:\Qt\6.7.3\msvc2019_64\lib\Qt6QmlCompiler.prl
2026-09-01 11:45:37,869 - aqt.updater - INFO - updater 16808 Patching C:\Qt\6.7.3\msvc2019_64\lib\Qt6QmlCompilerd.prl
2026-09-01 11:45:37,869 - aqt.updater - INFO - updater 16808 Patching C:\Qt\6.7.3\msvc2019_64\lib\Qt6QmlCore.prl
2026-09-01 11:45:37,869 - aqt.updater - INFO - updater 16808 Patching C:\Qt\6.7.3\msvc2019_64\lib\Qt6QmlCored.prl
2026-09-01 11:45:37,869 - aqt.updater - INFO - updater 16808 Patching C:\Qt\6.7.3\msvc2019_64\lib\Qt6Qmld.prl
2026-09-01 11:45:37,869 - aqt.updater - INFO - updater 16808 Patching C:\Qt\6.7.3\msvc2019_64\lib\Qt6QmlDebug.prl
2026-09-01 11:45:37,869 - aqt.updater - INFO - updater 16808 Patching C:\Qt\6.7.3\msvc2019_64\lib\Qt6QmlDebugd.prl
2026-09-01 11:45:37,869 - aqt.updater - INFO - updater 16808 Patching C:\Qt\6.7.3\msvc2019_64\lib\Qt6QmlDom.prl
2026-09-01 11:45:37,869 - aqt.updater - INFO - updater 16808 Patching C:\Qt\6.7.3\msvc2019_64\lib\Qt6QmlDomd.prl
2026-09-01 11:45:37,869 - aqt.updater - INFO - updater 16808 Patching C:\Qt\6.7.3\msvc2019_64\lib\Qt6QmlLocalStorage.prl
2026-09-01 11:45:37,869 - aqt.updater - INFO - updater 16808 Patching C:\Qt\6.7.3\msvc2019_64\lib\Qt6QmlLocalStoraged.prl
2026-09-01 11:45:37,869 - aqt.updater - INFO - updater 16808 Patching C:\Qt\6.7.3\msvc2019_64\lib\Qt6QmlLS.prl
2026-09-01 11:45:37,869 - aqt.updater - INFO - updater 16808 Patching C:\Qt\6.7.3\msvc2019_64\lib\Qt6QmlLSd.prl
2026-09-01 11:45:37,879 - aqt.updater - INFO - updater 16808 Patching C:\Qt\6.7.3\msvc2019_64\lib\Qt6QmlModels.prl
2026-09-01 11:45:37,879 - aqt.updater - INFO - updater 16808 Patching C:\Qt\6.7.3\msvc2019_64\lib\Qt6QmlModelsd.prl
2026-09-01 11:45:37,881 - aqt.updater - INFO - updater 16808 Patching C:\Qt\6.7.3\msvc2019_64\lib\Qt6QmlNetwork.prl
2026-09-01 11:45:37,881 - aqt.updater - INFO - updater 16808 Patching C:\Qt\6.7.3\msvc2019_64\lib\Qt6QmlNetworkd.prl
2026-09-01 11:45:37,881 - aqt.updater - INFO - updater 16808 Patching C:\Qt\6.7.3\msvc2019_64\lib\Qt6QmlToolingSettings.prl
2026-09-01 11:45:37,881 - aqt.updater - INFO - updater 16808 Patching C:\Qt\6.7.3\msvc2019_64\lib\Qt6QmlToolingSettingsd.prl
2026-09-01 11:45:37,881 - aqt.updater - INFO - updater 16808 Patching C:\Qt\6.7.3\msvc2019_64\lib\Qt6QmlTypeRegistrar.prl
2026-09-01 11:45:37,884 - aqt.updater - INFO - updater 16808 Patching C:\Qt\6.7.3\msvc2019_64\lib\Qt6QmlTypeRegistrard.prl
2026-09-01 11:45:37,884 - aqt.updater - INFO - updater 16808 Patching C:\Qt\6.7.3\msvc2019_64\lib\Qt6QmlWorkerScript.prl
2026-09-01 11:45:37,884 - aqt.updater - INFO - updater 16808 Patching C:\Qt\6.7.3\msvc2019_64\lib\Qt6QmlWorkerScriptd.prl
2026-09-01 11:45:37,884 - aqt.updater - INFO - updater 16808 Patching C:\Qt\6.7.3\msvc2019_64\lib\Qt6QmlXmlListModel.prl
2026-09-01 11:45:37,884 - aqt.updater - INFO - updater 16808 Patching C:\Qt\6.7.3\msvc2019_64\lib\Qt6QmlXmlListModeld.prl
2026-09-01 11:45:37,884 - aqt.updater - INFO - updater 16808 Patching C:\Qt\6.7.3\msvc2019_64\lib\Qt6Quick.prl
2026-09-01 11:45:37,884 - aqt.updater - INFO - updater 16808 Patching C:\Qt\6.7.3\msvc2019_64\lib\Qt6QuickControls2.prl
2026-09-01 11:45:37,884 - aqt.updater - INFO - updater 16808 Patching C:\Qt\6.7.3\msvc2019_64\lib\Qt6QuickControls2Basic.prl
2026-09-01 11:45:37,884 - aqt.updater - INFO - updater 16808 Patching C:\Qt\6.7.3\msvc2019_64\lib\Qt6QuickControls2Basicd.prl
2026-09-01 11:45:37,884 - aqt.updater - INFO - updater 16808 Patching C:\Qt\6.7.3\msvc2019_64\lib\Qt6QuickControls2BasicStyleImpl.prl
2026-09-01 11:45:37,884 - aqt.updater - INFO - updater 16808 Patching C:\Qt\6.7.3\msvc2019_64\lib\Qt6QuickControls2BasicStyleImpld.prl
2026-09-01 11:45:37,884 - aqt.updater - INFO - updater 16808 Patching C:\Qt\6.7.3\msvc2019_64\lib\Qt6QuickControls2d.prl
2026-09-01 11:45:37,884 - aqt.updater - INFO - updater 16808 Patching C:\Qt\6.7.3\msvc2019_64\lib\Qt6QuickControls2Fusion.prl
2026-09-01 11:45:37,884 - aqt.updater - INFO - updater 16808 Patching C:\Qt\6.7.3\msvc2019_64\lib\Qt6QuickControls2Fusiond.prl
2026-09-01 11:45:37,884 - aqt.updater - INFO - updater 16808 Patching C:\Qt\6.7.3\msvc2019_64\lib\Qt6QuickControls2FusionStyleImpl.prl
2026-09-01 11:45:37,884 - aqt.updater - INFO - updater 16808 Patching C:\Qt\6.7.3\msvc2019_64\lib\Qt6QuickControls2FusionStyleImpld.prl
2026-09-01 11:45:37,884 - aqt.updater - INFO - updater 16808 Patching C:\Qt\6.7.3\msvc2019_64\lib\Qt6QuickControls2Imagine.prl
2026-09-01 11:45:37,884 - aqt.updater - INFO - updater 16808 Patching C:\Qt\6.7.3\msvc2019_64\lib\Qt6QuickControls2Imagined.prl
2026-09-01 11:45:37,884 - aqt.updater - INFO - updater 16808 Patching C:\Qt\6.7.3\msvc2019_64\lib\Qt6QuickControls2ImagineStyleImpl.prl
2026-09-01 11:45:37,884 - aqt.updater - INFO - updater 16808 Patching C:\Qt\6.7.3\msvc2019_64\lib\Qt6QuickControls2ImagineStyleImpld.prl
2026-09-01 11:45:37,884 - aqt.updater - INFO - updater 16808 Patching C:\Qt\6.7.3\msvc2019_64\lib\Qt6QuickControls2Impl.prl
2026-09-01 11:45:37,884 - aqt.updater - INFO - updater 16808 Patching C:\Qt\6.7.3\msvc2019_64\lib\Qt6QuickControls2Impld.prl
2026-09-01 11:45:37,884 - aqt.updater - INFO - updater 16808 Patching C:\Qt\6.7.3\msvc2019_64\lib\Qt6QuickControls2Material.prl
2026-09-01 11:45:37,884 - aqt.updater - INFO - updater 16808 Patching C:\Qt\6.7.3\msvc2019_64\lib\Qt6QuickControls2Materiald.prl
2026-09-01 11:45:37,884 - aqt.updater - INFO - updater 16808 Patching C:\Qt\6.7.3\msvc2019_64\lib\Qt6QuickControls2MaterialStyleImpl.prl
2026-09-01 11:45:37,884 - aqt.updater - INFO - updater 16808 Patching C:\Qt\6.7.3\msvc2019_64\lib\Qt6QuickControls2MaterialStyleImpld.prl
2026-09-01 11:45:37,884 - aqt.updater - INFO - updater 16808 Patching C:\Qt\6.7.3\msvc2019_64\lib\Qt6QuickControls2Universal.prl
2026-09-01 11:45:37,884 - aqt.updater - INFO - updater 16808 Patching C:\Qt\6.7.3\msvc2019_64\lib\Qt6QuickControls2Universald.prl
2026-09-01 11:45:37,900 - aqt.updater - INFO - updater 16808 Patching C:\Qt\6.7.3\msvc2019_64\lib\Qt6QuickControls2UniversalStyleImpl.prl
2026-09-01 11:45:37,900 - aqt.updater - INFO - updater 16808 Patching C:\Qt\6.7.3\msvc2019_64\lib\Qt6QuickControls2UniversalStyleImpld.prl
2026-09-01 11:45:37,900 - aqt.updater - INFO - updater 16808 Patching C:\Qt\6.7.3\msvc2019_64\lib\Qt6QuickControls2WindowsStyleImpl.prl
2026-09-01 11:45:37,900 - aqt.updater - INFO - updater 16808 Patching C:\Qt\6.7.3\msvc2019_64\lib\Qt6QuickControls2WindowsStyleImpld.prl
2026-09-01 11:45:37,900 - aqt.updater - INFO - updater 16808 Patching C:\Qt\6.7.3\msvc2019_64\lib\Qt6QuickControlsTestUtils.prl
2026-09-01 11:45:37,900 - aqt.updater - INFO - updater 16808 Patching C:\Qt\6.7.3\msvc2019_64\lib\Qt6QuickControlsTestUtilsd.prl
2026-09-01 11:45:37,900 - aqt.updater - INFO - updater 16808 Patching C:\Qt\6.7.3\msvc2019_64\lib\Qt6Quickd.prl
2026-09-01 11:45:37,900 - aqt.updater - INFO - updater 16808 Patching C:\Qt\6.7.3\msvc2019_64\lib\Qt6QuickDialogs2.prl
2026-09-01 11:45:37,900 - aqt.updater - INFO - updater 16808 Patching C:\Qt\6.7.3\msvc2019_64\lib\Qt6QuickDialogs2d.prl
2026-09-01 11:45:37,900 - aqt.updater - INFO - updater 16808 Patching C:\Qt\6.7.3\msvc2019_64\lib\Qt6QuickDialogs2QuickImpl.prl
2026-09-01 11:45:37,900 - aqt.updater - INFO - updater 16808 Patching C:\Qt\6.7.3\msvc2019_64\lib\Qt6QuickDialogs2QuickImpld.prl
2026-09-01 11:45:37,900 - aqt.updater - INFO - updater 16808 Patching C:\Qt\6.7.3\msvc2019_64\lib\Qt6QuickDialogs2Utils.prl
2026-09-01 11:45:37,900 - aqt.updater - INFO - updater 16808 Patching C:\Qt\6.7.3\msvc2019_64\lib\Qt6QuickDialogs2Utilsd.prl
2026-09-01 11:45:37,900 - aqt.updater - INFO - updater 16808 Patching C:\Qt\6.7.3\msvc2019_64\lib\Qt6QuickEffects.prl
2026-09-01 11:45:37,900 - aqt.updater - INFO - updater 16808 Patching C:\Qt\6.7.3\msvc2019_64\lib\Qt6QuickEffectsd.prl
2026-09-01 11:45:37,900 - aqt.updater - INFO - updater 16808 Patching C:\Qt\6.7.3\msvc2019_64\lib\Qt6QuickLayouts.prl
2026-09-01 11:45:37,900 - aqt.updater - INFO - updater 16808 Patching C:\Qt\6.7.3\msvc2019_64\lib\Qt6QuickLayoutsd.prl
2026-09-01 11:45:37,900 - aqt.updater - INFO - updater 16808 Patching C:\Qt\6.7.3\msvc2019_64\lib\Qt6QuickParticles.prl
2026-09-01 11:45:37,900 - aqt.updater - INFO - updater 16808 Patching C:\Qt\6.7.3\msvc2019_64\lib\Qt6QuickParticlesd.prl
2026-09-01 11:45:37,900 - aqt.updater - INFO - updater 16808 Patching C:\Qt\6.7.3\msvc2019_64\lib\Qt6QuickShapes.prl
2026-09-01 11:45:37,900 - aqt.updater - INFO - updater 16808 Patching C:\Qt\6.7.3\msvc2019_64\lib\Qt6QuickShapesd.prl
2026-09-01 11:45:37,900 - aqt.updater - INFO - updater 16808 Patching C:\Qt\6.7.3\msvc2019_64\lib\Qt6QuickTemplates2.prl
2026-09-01 11:45:37,900 - aqt.updater - INFO - updater 16808 Patching C:\Qt\6.7.3\msvc2019_64\lib\Qt6QuickTemplates2d.prl
2026-09-01 11:45:37,900 - aqt.updater - INFO - updater 16808 Patching C:\Qt\6.7.3\msvc2019_64\lib\Qt6QuickTest.prl
2026-09-01 11:45:37,900 - aqt.updater - INFO - updater 16808 Patching C:\Qt\6.7.3\msvc2019_64\lib\Qt6QuickTestd.prl
2026-09-01 11:45:37,900 - aqt.updater - INFO - updater 16808 Patching C:\Qt\6.7.3\msvc2019_64\lib\Qt6QuickTestUtils.prl
2026-09-01 11:45:37,900 - aqt.updater - INFO - updater 16808 Patching C:\Qt\6.7.3\msvc2019_64\lib\Qt6QuickTestUtilsd.prl
2026-09-01 11:45:37,916 - aqt.updater - INFO - updater 16808 Patching C:\Qt\6.7.3\msvc2019_64\lib\Qt6QuickWidgets.prl
2026-09-01 11:45:37,917 - aqt.updater - INFO - updater 16808 Patching C:\Qt\6.7.3\msvc2019_64\lib\Qt6QuickWidgetsd.prl
2026-09-01 11:45:37,917 - aqt.updater - INFO - updater 16808 Patching C:\Qt\6.7.3\msvc2019_64\lib\Qt6Sql.prl
2026-09-01 11:45:37,918 - aqt.updater - INFO - updater 16808 Patching C:\Qt\6.7.3\msvc2019_64\lib\Qt6Sqld.prl
2026-09-01 11:45:37,918 - aqt.updater - INFO - updater 16808 Patching C:\Qt\6.7.3\msvc2019_64\lib\Qt6Svg.prl
2026-09-01 11:45:37,918 - aqt.updater - INFO - updater 16808 Patching C:\Qt\6.7.3\msvc2019_64\lib\Qt6Svgd.prl
2026-09-01 11:45:37,918 - aqt.updater - INFO - updater 16808 Patching C:\Qt\6.7.3\msvc2019_64\lib\Qt6SvgWidgets.prl
2026-09-01 11:45:37,918 - aqt.updater - INFO - updater 16808 Patching C:\Qt\6.7.3\msvc2019_64\lib\Qt6SvgWidgetsd.prl
2026-09-01 11:45:37,918 - aqt.updater - INFO - updater 16808 Patching C:\Qt\6.7.3\msvc2019_64\lib\Qt6Test.prl
2026-09-01 11:45:37,918 - aqt.updater - INFO - updater 16808 Patching C:\Qt\6.7.3\msvc2019_64\lib\Qt6Testd.prl
2026-09-01 11:45:37,918 - aqt.updater - INFO - updater 16808 Patching C:\Qt\6.7.3\msvc2019_64\lib\Qt6UiTools.prl
2026-09-01 11:45:37,918 - aqt.updater - INFO - updater 16808 Patching C:\Qt\6.7.3\msvc2019_64\lib\Qt6UiToolsd.prl
2026-09-01 11:45:37,918 - aqt.updater - INFO - updater 16808 Patching C:\Qt\6.7.3\msvc2019_64\lib\Qt6WebChannel.prl
2026-09-01 11:45:37,918 - aqt.updater - INFO - updater 16808 Patching C:\Qt\6.7.3\msvc2019_64\lib\Qt6WebChanneld.prl
2026-09-01 11:45:37,918 - aqt.updater - INFO - updater 16808 Patching C:\Qt\6.7.3\msvc2019_64\lib\Qt6WebChannelQuick.prl
2026-09-01 11:45:37,918 - aqt.updater - INFO - updater 16808 Patching C:\Qt\6.7.3\msvc2019_64\lib\Qt6WebChannelQuickd.prl
2026-09-01 11:45:37,918 - aqt.updater - INFO - updater 16808 Patching C:\Qt\6.7.3\msvc2019_64\lib\Qt6WebEngineCore.prl
2026-09-01 11:45:37,918 - aqt.updater - INFO - updater 16808 Patching C:\Qt\6.7.3\msvc2019_64\lib\Qt6WebEngineCored.prl
2026-09-01 11:45:37,918 - aqt.updater - INFO - updater 16808 Patching C:\Qt\6.7.3\msvc2019_64\lib\Qt6WebEngineQuick.prl
2026-09-01 11:45:37,918 - aqt.updater - INFO - updater 16808 Patching C:\Qt\6.7.3\msvc2019_64\lib\Qt6WebEngineQuickd.prl
2026-09-01 11:45:37,918 - aqt.updater - INFO - updater 16808 Patching C:\Qt\6.7.3\msvc2019_64\lib\Qt6WebEngineQuickDelegatesQml.prl
2026-09-01 11:45:37,918 - aqt.updater - INFO - updater 16808 Patching C:\Qt\6.7.3\msvc2019_64\lib\Qt6WebEngineQuickDelegatesQmld.prl
2026-09-01 11:45:37,918 - aqt.updater - INFO - updater 16808 Patching C:\Qt\6.7.3\msvc2019_64\lib\Qt6WebEngineWidgets.prl
2026-09-01 11:45:37,918 - aqt.updater - INFO - updater 16808 Patching C:\Qt\6.7.3\msvc2019_64\lib\Qt6WebEngineWidgetsd.prl
2026-09-01 11:45:37,918 - aqt.updater - INFO - updater 16808 Patching C:\Qt\6.7.3\msvc2019_64\lib\Qt6Widgets.prl
2026-09-01 11:45:37,918 - aqt.updater - INFO - updater 16808 Patching C:\Qt\6.7.3\msvc2019_64\lib\Qt6Widgetsd.prl
2026-09-01 11:45:37,932 - aqt.updater - INFO - updater 16808 Patching C:\Qt\6.7.3\msvc2019_64\lib\Qt6Xml.prl
2026-09-01 11:45:37,932 - aqt.updater - INFO - updater 16808 Patching C:\Qt\6.7.3\msvc2019_64\lib\Qt6Xmld.prl
2026-09-01 11:45:37,932 - aqt.main - INFO - installer 16808 Finished installation
2026-09-01 11:45:37,932 - aqt.main - INFO - installer 16808 Time elapsed: 106.11491530 second
